
> @aratc/api@0.0.1 dev C:\Users\ACER\Desktop\2026 CAPSTONE\ARATC_LMS\apps\api
> dotenv -e ../../.env -- tsx watch src/index.ts

ARATC API running on http://localhost:4000
8:09:46 PM [tsx] change in ./src\lib\tenant-scope.ts Restarting...
ARATC API running on http://localhost:4000
8:10:57 PM [tsx] change in ./src\lib\tenant-scope.ts Restarting...
ARATC API running on http://localhost:4000
8:11:09 PM [tsx] change in ./src\lib\tenant-scope.ts Restarting...
ARATC API running on http://localhost:4000
8:13:27 PM [tsx] change in ./src\middleware\content-editor.ts Restarting...
ARATC API running on http://localhost:4000
8:13:39 PM [tsx] change in ./src\middleware\content-editor.ts Restarting...
ARATC API running on http://localhost:4000
8:13:56 PM [tsx] change in ./src\middleware\content-editor.ts Restarting...
ARATC API running on http://localhost:4000
8:15:15 PM [tsx] change in ./..\..\packages\shared\dist\content\blocks.js Restarting...
8:15:15 PM [tsx] change in ./..\..\packages\shared\dist\index.js Restarting...
8:15:16 PM [tsx] change in ./..\..\packages\database\dist\index.js Restarting...
ARATC API running on http://localhost:4000
8:20:38 PM [tsx] change in ./..\..\packages\shared\dist\content\blocks.js Restarting...
8:20:38 PM [tsx] change in ./..\..\packages\shared\dist\index.js Restarting...
8:20:40 PM [tsx] change in ./..\..\packages\database\dist\index.js Restarting...
ARATC API running on http://localhost:4000
8:27:57 PM [tsx] change in ./..\..\packages\shared\dist\content\index.js Restarting...
8:27:58 PM [tsx] change in ./..\..\packages\database\dist\client.js Restarting...
8:27:58 PM [tsx] change in ./..\..\packages\database\dist\index.js Restarting...
ARATC API running on http://localhost:4000
8:45:30 PM [tsx] change in ./src\app.ts Restarting...
ARATC API running on http://localhost:4000
8:45:50 PM [tsx] change in ./src\app.ts Restarting...
8:55:51 PM [tsx] change in ./..\..\packages\shared\dist\content\blocks.js Rerunning...
8:55:52 PM [tsx] change in ./..\..\packages\shared\dist\index.js Restarting...
8:55:53 PM [tsx] change in ./..\..\packages\database\dist\client.js Restarting...
8:55:53 PM [tsx] change in ./..\..\packages\database\dist\index.js Restarting...
9:16:26 PM [tsx] change in ./src\middleware\content-editor.ts Rerunning...
9:21:29 PM [tsx] change in ./..\..\packages\shared\dist\validators\programs.js Rerunning...
9:21:30 PM [tsx] change in ./..\..\packages\shared\dist\validators\index.js Restarting...
9:21:30 PM [tsx] change in ./..\..\packages\shared\dist\content\blocks.js Restarting...
9:21:30 PM [tsx] change in ./..\..\packages\shared\dist\index.js Restarting...
9:21:32 PM [tsx] change in ./..\..\packages\database\dist\index.js Restarting...
10:04:36 PM [tsx] change in ./src\modules\organizations\routes.ts Rerunning...
10:04:40 PM [tsx] change in ./src\modules\organizations\routes.ts Restarting...
10:04:58 PM [tsx] change in ./src\modules\organizations\service.ts Rerunning...
ARATC API running on http://localhost:4000
6:33:32 AM [tsx] change in ./src\modules\platform\organizations\service.ts Restarting...
6:33:34 AM [tsx] change in ./..\..\packages\shared\dist\constants\index.js Restarting...
ARATC API running on http://localhost:4000
6:37:21 AM [tsx] change in ./..\..\packages\shared\dist\content\blocks.js Restarting...
6:37:21 AM [tsx] change in ./..\..\packages\shared\dist\index.js Restarting...
6:37:22 AM [tsx] change in ./..\..\packages\database\dist\client.js Restarting...
6:37:22 AM [tsx] change in ./..\..\packages\database\dist\index.js Restarting...
ARATC API running on http://localhost:4000
6:47:35 AM [tsx] change in ./src\modules\platform\organizations\schemas.ts Restarting...
ARATC API running on http://localhost:4000
6:47:38 AM [tsx] change in ./src\modules\platform\organizations\schemas.ts Restarting...
ARATC API running on http://localhost:4000
6:47:51 AM [tsx] change in ./src\modules\platform\organizations\service.ts Restarting...
ARATC API running on http://localhost:4000
6:47:54 AM [tsx] change in ./src\modules\platform\organizations\service.ts Restarting...
ARATC API running on http://localhost:4000
6:47:56 AM [tsx] change in ./src\modules\platform\organizations\service.ts Restarting...
ARATC API running on http://localhost:4000
6:47:58 AM [tsx] change in ./src\modules\platform\organizations\service.ts Restarting...
ARATC API running on http://localhost:4000
C:\Users\ACER\Desktop\2026 CAPSTONE\ARATC_LMS\apps\api:
 ERR_PNPM_RECURSIVE_RUN_FIRST_FAIL  @aratc/api@0.0.1 dev: `dotenv -e ../../.env -- tsx watch src/index.ts`
Exit status 3221225786
