
> @aratc/shared@0.0.1 typecheck C:\Users\ACER\Desktop\2026 CAPSTONE\ARATC_LMS\packages\shared
> tsc --noEmit



#
# Fatal error in , line 0
# Fatal process out of memory: Zone
#
#
#
#FailureMessage Object: 00000070F55F5900
----- Native stack trace -----

 1: 00007FF72298A62B 
 2: 00007FF72287CE9F 
 3: 00007FF72379A022 
 4: 00007FF72335DEF3 
 5: 00007FF722E40914 
 6: 00007FF7238B7F1E 
 7: 00007FF7238B1BF9 
 8: 00007FF72385A27F 
 9: 00007FF723866751 
10: 00007FF723860BDF 
11: 00007FF72385BB6A 
12: 00007FF7232CC701 
13: 00007FF723299621 
14: 00007FF72287F97D 
15: 00007FF7229DE28D 
16: 00007FF723BBD630 
17: 00007FFA649DE957 
18: 00007FFA660C427C 
 ELIFECYCLE  Command failed with exit code 2147483651.
