
> @aratc/api@0.0.1 build C:\Users\ACER\Desktop\2026 CAPSTONE\ARATC_LMS\apps\api
> tsc


<--- Last few GCs --->

[24236:0000020F05D7B000]    26123 ms: Scavenge (interleaved) 309.1 (375.8) -> 253.2 (379.8) MB, pooled: 0 MB, 68.96 / 0.00 ms  (average mu = 0.998, current mu = 0.998) allocation failure; 
[24236:0000020F05D7B000]    26945 ms: Scavenge (interleaved) 315.8 (382.1) -> 258.3 (385.6) MB, pooled: 0 MB, 12.13 / 0.00 ms  (average mu = 0.998, current mu = 0.998) allocation failure; 

FATAL ERROR: Zone Allocation failed - process out of memory
----- Native stack trace -----


<--- Last few GCs --->

[24236:0000020F05D7B000]    26123 ms: Scavenge (interleaved) 309.1 (375.8) -> 253.2 (379.8) MB, pooled: 0 MB, 68.96 / 0.00 ms  (average mu = 0.998, current mu = 0.998) allocation failure; 
[24236:0000020F05D7B000]    26945 ms: Scavenge (interleaved) 315.8 (382.1) -> 258.3 (385.6) MB, pooled: 0 MB, 12.13 / 0.00 ms  (average mu = 0.998, current mu = 0.998) allocation failure; 

FATAL ERROR: Zone Allocation failed - process out of memory
----- Native stack trace -----

 1: 00007FF6A63150BF 
 2: 00007FF6A4F3DD27 
 3: 00007FF6A48B5BC6 
 4: 00007FF6A44747D4 
 5: 00007FF6A5CB95FA 
 6: 00007FF6A5CB9449 
 7: 00007FF6A5CB8FDB 
 8: 00007FF6A5CB8E0D 
 9: 00007FF6A5CB3C11 
10: 00007FF6A5CB0179 
11: 00007FF6A5CAFC79 
12: 00007FF6A5CAD234 
13: 00007FF6A5CAC4BF 
14: 00007FF6A5CAC2BE 
15: 00007FF6A594C126 
16: 00007FF6A594323B 
17: 00007FF6A59426A0 
18: 00007FF6A4EB19DF 
19: 00007FF6A4E76A2D 
20: 00007FF6A4E76725 
21: 00007FF6A572F2CF 
22: 00007FF6A625954B 
23: 00007FF6A4F93136 
24: 00007FF6A66535B3 
25: 00007FFA649DE957 
26: 00007FFA660C427C 
 ELIFECYCLE  Command failed with exit code 134.
